
/home/runner/work/exp-solution-system-linear-equation-dei/exp-solution-system-linear-equation-dei/experiment/simulation/js/main.js
    3:10  warning  'submit' is defined but never used        no-unused-vars
   85:10  warning  'smatrix' is defined but never used       no-unused-vars
  332:10  warning  'lmeqe' is defined but never used         no-unused-vars
  339:10  warning  'a' is assigned a value but never used    no-unused-vars
  340:10  warning  'b' is assigned a value but never used    no-unused-vars
  341:10  warning  'c' is assigned a value but never used    no-unused-vars
  342:10  warning  'b1' is assigned a value but never used   no-unused-vars
  343:10  warning  'd' is assigned a value but never used    no-unused-vars
  344:10  warning  'e' is assigned a value but never used    no-unused-vars
  345:10  warning  'f' is assigned a value but never used    no-unused-vars
  346:10  warning  'b2' is assigned a value but never used   no-unused-vars
  388:10  warning  'illustration' is defined but never used  no-unused-vars
  442:1   warning  'MathJax' is not defined                  no-undef
  442:31  warning  'MathJax' is not defined                  no-undef

/home/runner/work/exp-solution-system-linear-equation-dei/exp-solution-system-linear-equation-dei/experiment/simulation/js/mainjs3.js
   16:10  warning  'checkRC' is defined but never used       no-unused-vars
   76:10  warning  'checkAnswer' is defined but never used   no-unused-vars
   92:14  warning  'checkAnswer2' is defined but never used  no-unused-vars
  111:14  warning  'reasonAns' is defined but never used     no-unused-vars

✖ 18 problems (0 errors, 18 warnings)

